// Jest Snapshot v1, https://goo.gl/fbAQLP

exports[`SUit test TableRequest should be render correctly 1`] = `<ul />`;
